// Jest Snapshot v1, https://goo.gl/fbAQLP

exports[`Pruebas al counter App Debe hacer match con el snapshot 1`] = `
<div>
  <h1>
    Counter APP
  </h1>
  <h2>
    100
  </h2>
  <button>
    +1
  </button>
  <button>
    -1
  </button>
  <button
    aria-label="btn-reset"
  >
    Reset
  </button>
</div>
`;
