// Jest Snapshot v1, https://goo.gl/fbAQLP

exports[`Pruebas en <FistApp /> Debe hacer match con el primer snapshot 1`] = `
<div>
  <h1>
    <div
      data-testid="test-title"
    >
      {title}
    </div>
  </h1>
  <h2>
    BEST REACT DEVELOPER
  </h2>
  <p>
    My first React App
  </p>
</div>
`;
