// Jest Snapshot v1, https://goo.gl/fbAQLP

exports[`Prueba en <GifItem/> Debe mostrar match con el snapshot 1`] = `
<div>
  <div
    class="card"
  >
    <img
      alt="Saitama"
      src="https://media.giphy.com/media/3o7TKsQ8gqVrXwXWqM/giphy.gif"
    />
    <p>
      Saitama
    </p>
  </div>
</div>
`;
